../Core/Src/app.c:252:20:App_StateName	0	static
../Core/Src/app.c:409:16:emoji_bucket	16	static
../Core/Src/app.c:1447:13:ESP_ResetPulse	16	static
../Core/Src/app.c:1431:13:EPD_PowerOff	8	static
../Core/Src/app.c:269:24:sod_now	8	static
../Core/Src/app.c:1389:13:VOC_LPTIM_Stop	8	static
../Core/Src/app.c:270:24:sod_diff	0	static
../Core/Src/app.c:300:13:I2C_Bus_Restore_For_PowerOn	8	static
../Core/Src/app.c:277:13:I2C_Bus_Release_For_PowerOff	40	static
../Core/Src/app.c:1465:13:EPD_BootDetect	24	static
../Core/Src/app.c:112:13:LOG_Hex.constprop	8	static
../Core/Src/app.c:1416:13:EPD_PowerOn	8	static
../Core/Src/app.c:176:6:AppConfig_SetDefaults	12	static
../Core/Src/app.c:197:6:App_Config_SaveToEeprom	16	static
../Core/Src/app.c:474:6:App_WakeUpIRQ	0	static
../Core/Src/app.c:478:6:App_UserButtonIRQ_15s	0	static
../Core/Src/app.c:479:6:App_UserButtonIRQ_5s	0	static
../Core/Src/app.c:480:6:App_VOC_TickIRQ	0	static
../Core/Src/app.c:482:6:EPD_OnFatalError	16	static
../Core/Src/app.c:504:6:App_Init	48	static
../Core/Src/app.c:663:6:App_Run	72	static
../Core/Src/app.c:1547:6:HAL_LPTIM_AutoReloadMatchCallback	24	static
../Core/Src/app.c:1573:6:HAL_UART_RxCpltCallback	8	static
../Core/Src/app.c:1582:6:HAL_RTCEx_WakeUpTimerEventCallback	0	static
../Core/Src/app.c:1590:6:HAL_GPIO_EXTI_Rising_Callback	8	static
../Core/Src/app.c:1607:6:HAL_GPIO_EXTI_Falling_Callback	8	static
